// Jest Snapshot v1, https://goo.gl/fbAQLP

exports[`createreducer Adds default setValue method 1`] = `
Object {
  "test": Object {
    "awesome": "yes",
    "hi": "hello",
  },
}
`;

exports[`createreducer Adds default setValues method 1`] = `
Object {
  "test": Object {
    "awesome": "yes, it is",
    "existing": "value",
    "hi": "hi there",
  },
}
`;
